Release 14.7 - xst P.20131013 (nt64)
Copyright (c) 1995-2013 Xilinx, Inc.  All rights reserved.
--> Parameter TMPDIR set to xst/projnav.tmp


Total REAL time to Xst completion: 0.00 secs
Total CPU time to Xst completion: 0.23 secs
 
--> Parameter xsthdpdir set to xst


Total REAL time to Xst completion: 0.00 secs
Total CPU time to Xst completion: 0.23 secs
 
--> Reading design: cpld_toplevel.prj

TABLE OF CONTENTS
  1) Synthesis Options Summary
  2) HDL Compilation
  3) Design Hierarchy Analysis
  4) HDL Analysis
  5) HDL Synthesis
     5.1) HDL Synthesis Report
  6) Advanced HDL Synthesis
     6.1) Advanced HDL Synthesis Report
  7) Low Level Synthesis
  8) Partition Report
  9) Final Report

=========================================================================
*                      Synthesis Options Summary                        *
=========================================================================
---- Source Parameters
Input File Name                    : "cpld_toplevel.prj"
Input Format                       : mixed
Ignore Synthesis Constraint File   : NO

---- Target Parameters
Output File Name                   : "cpld_toplevel"
Output Format                      : NGC
Target Device                      : CoolRunner2 CPLDs

---- Source Options
Top Module Name                    : cpld_toplevel
Automatic FSM Extraction           : YES
FSM Encoding Algorithm             : Auto
Safe Implementation                : No
Mux Extraction                     : Yes
Resource Sharing                   : YES

---- Target Options
Add IO Buffers                     : YES
MACRO Preserve                     : YES
XOR Preserve                       : YES
Equivalent register Removal        : YES

---- General Options
Optimization Goal                  : Speed
Optimization Effort                : 1
Keep Hierarchy                     : Yes
Netlist Hierarchy                  : As_Optimized
RTL Output                         : Yes
Hierarchy Separator                : /
Bus Delimiter                      : <>
Case Specifier                     : Maintain
Verilog 2001                       : YES

---- Other Options
Clock Enable                       : YES
wysiwyg                            : NO

=========================================================================


=========================================================================
*                          HDL Compilation                              *
=========================================================================
Compiling verilog file "enDetector.v" in library work
Compiling verilog file "counter.v" in library work
Module <enDetector> compiled
Compiling verilog file "crosshair_module.v" in library work
Module <counter> compiled
Compiling verilog file "cpld_toplevel.v" in library work
Module <crosshair_module> compiled
Module <cpld_toplevel> compiled
No errors in compilation
Analysis of file <"cpld_toplevel.prj"> succeeded.
 

=========================================================================
*                     Design Hierarchy Analysis                         *
=========================================================================
Analyzing hierarchy for module <cpld_toplevel> in library <work>.

Analyzing hierarchy for module <crosshair_module> in library <work>.

Analyzing hierarchy for module <enDetector> in library <work>.

Analyzing hierarchy for module <counter> in library <work>.


=========================================================================
*                            HDL Analysis                               *
=========================================================================
Analyzing top module <cpld_toplevel>.
Module <cpld_toplevel> is correct for synthesis.
 
Analyzing module <crosshair_module> in library <work>.
Module <crosshair_module> is correct for synthesis.
 
Analyzing module <enDetector> in library <work>.
Module <enDetector> is correct for synthesis.
 
Analyzing module <counter> in library <work>.
Module <counter> is correct for synthesis.
 

=========================================================================
*                           HDL Synthesis                               *
=========================================================================

Performing bidirectional port resolution...

Synthesizing Unit <enDetector>.
    Related source file is "enDetector.v".
Unit <enDetector> synthesized.


Synthesizing Unit <counter>.
    Related source file is "counter.v".
    Found 10-bit up counter for signal <cnt>.
    Summary:
	inferred   1 Counter(s).
Unit <counter> synthesized.


Synthesizing Unit <crosshair_module>.
    Related source file is "crosshair_module.v".
WARNING:Xst:646 - Signal <lineUpperThreshold> is assigned but never used. This unconnected signal will be trimmed during the optimization process.
WARNING:Xst:646 - Signal <lineLowerThreshold> is assigned but never used. This unconnected signal will be trimmed during the optimization process.
WARNING:Xst:646 - Signal <columnUpperThreshold> is assigned but never used. This unconnected signal will be trimmed during the optimization process.
WARNING:Xst:646 - Signal <columnLowerThreshold> is assigned but never used. This unconnected signal will be trimmed during the optimization process.
    Found 10-bit comparator greatequal for signal <isCrosshair$cmp_ge0000> created at line 27.
    Found 10-bit comparator greatequal for signal <isCrosshair$cmp_ge0001> created at line 27.
    Found 10-bit comparator greatequal for signal <isCrosshair$cmp_ge0002> created at line 27.
    Found 10-bit comparator greatequal for signal <isCrosshair$cmp_ge0003> created at line 27.
    Found 10-bit comparator lessequal for signal <isCrosshair$cmp_le0000> created at line 27.
    Found 10-bit comparator lessequal for signal <isCrosshair$cmp_le0001> created at line 27.
    Found 10-bit comparator lessequal for signal <isCrosshair$cmp_le0002> created at line 27.
    Found 10-bit comparator lessequal for signal <isCrosshair$cmp_le0003> created at line 27.
    Summary:
	inferred   8 Comparator(s).
Unit <crosshair_module> synthesized.


Synthesizing Unit <cpld_toplevel>.
    Related source file is "cpld_toplevel.v".
    Found 1-bit xor2 for signal <gate_w>.
    Summary:
	inferred   1 Xor(s).
Unit <cpld_toplevel> synthesized.


=========================================================================
HDL Synthesis Report

Macro Statistics
# Counters                                             : 2
 10-bit up counter                                     : 2
# Comparators                                          : 8
 10-bit comparator greatequal                          : 4
 10-bit comparator lessequal                           : 4
# Xors                                                 : 1
 1-bit xor2                                            : 1

=========================================================================

=========================================================================
*                       Advanced HDL Synthesis                          *
=========================================================================


=========================================================================
Advanced HDL Synthesis Report

Macro Statistics
# Counters                                             : 2
 10-bit up counter                                     : 2

=========================================================================

=========================================================================
*                         Low Level Synthesis                           *
=========================================================================

Optimizing unit <cpld_toplevel> ...

Optimizing unit <enDetector> ...

Optimizing unit <counter> ...

Optimizing unit <crosshair_module> ...

=========================================================================
*                           Partition Report                            *
=========================================================================

Partition Implementation Status
-------------------------------

  No Partitions were found in this design.

-------------------------------

=========================================================================
*                            Final Report                               *
=========================================================================
Final Results
RTL Top Level Output File Name     : cpld_toplevel.ngr
Top Level Output File Name         : cpld_toplevel
Output Format                      : NGC
Optimization Goal                  : Speed
Keep Hierarchy                     : Yes
Target Technology                  : CoolRunner2 CPLDs
Macro Preserve                     : YES
XOR Preserve                       : YES
Clock Enable                       : YES
wysiwyg                            : NO

Design Statistics
# IOs                              : 16

Cell Usage :
# BELS                             : 147
#      AND2                        : 54
#      AND3                        : 5
#      AND4                        : 2
#      GND                         : 3
#      INV                         : 52
#      OR2                         : 11
#      VCC                         : 1
#      XOR2                        : 19
# FlipFlops/Latches                : 20
#      FDCE                        : 20
# IO Buffers                       : 16
#      IBUF                        : 7
#      OBUF                        : 9
=========================================================================


Total REAL time to Xst completion: 5.00 secs
Total CPU time to Xst completion: 5.09 secs
 
--> 

Total memory usage is 4535404 kilobytes

Number of errors   :    0 (   0 filtered)
Number of warnings :    4 (   0 filtered)
Number of infos    :    0 (   0 filtered)

