Release 14.7 - xst P.20131013 (nt64)
Copyright (c) 1995-2013 Xilinx, Inc.  All rights reserved.
--> Parameter TMPDIR set to xst/projnav.tmp


Total REAL time to Xst completion: 0.00 secs
Total CPU time to Xst completion: 0.19 secs
 
--> Parameter xsthdpdir set to xst


Total REAL time to Xst completion: 0.00 secs
Total CPU time to Xst completion: 0.19 secs
 
--> Reading design: cpld_toplevel.prj

TABLE OF CONTENTS
  1) Synthesis Options Summary
  2) HDL Compilation
  3) Design Hierarchy Analysis
  4) HDL Analysis
  5) HDL Synthesis
     5.1) HDL Synthesis Report
  6) Advanced HDL Synthesis
     6.1) Advanced HDL Synthesis Report
  7) Low Level Synthesis
  8) Partition Report
  9) Final Report

=========================================================================
*                      Synthesis Options Summary                        *
=========================================================================
---- Source Parameters
Input File Name                    : "cpld_toplevel.prj"
Input Format                       : mixed
Ignore Synthesis Constraint File   : NO

---- Target Parameters
Output File Name                   : "cpld_toplevel"
Output Format                      : NGC
Target Device                      : CoolRunner2 CPLDs

---- Source Options
Top Module Name                    : cpld_toplevel
Automatic FSM Extraction           : YES
FSM Encoding Algorithm             : Auto
Safe Implementation                : No
Mux Extraction                     : Yes
Resource Sharing                   : YES

---- Target Options
Add IO Buffers                     : YES
MACRO Preserve                     : YES
XOR Preserve                       : YES
Equivalent register Removal        : YES

---- General Options
Optimization Goal                  : Speed
Optimization Effort                : 1
Keep Hierarchy                     : Yes
Netlist Hierarchy                  : As_Optimized
RTL Output                         : Yes
Hierarchy Separator                : /
Bus Delimiter                      : <>
Case Specifier                     : Maintain
Verilog 2001                       : YES

---- Other Options
Clock Enable                       : YES
wysiwyg                            : NO

=========================================================================


=========================================================================
*                          HDL Compilation                              *
=========================================================================
Compiling verilog file "counter.v" in library work
Compiling verilog file "cpld_toplevel.v" in library work
Module <counter> compiled
Module <cpld_toplevel> compiled
No errors in compilation
Analysis of file <"cpld_toplevel.prj"> succeeded.
 

=========================================================================
*                     Design Hierarchy Analysis                         *
=========================================================================
Analyzing hierarchy for module <cpld_toplevel> in library <work>.

Analyzing hierarchy for module <counter> in library <work>.


=========================================================================
*                            HDL Analysis                               *
=========================================================================
Analyzing top module <cpld_toplevel>.
Module <cpld_toplevel> is correct for synthesis.
 
Analyzing module <counter> in library <work>.
Module <counter> is correct for synthesis.
 

=========================================================================
*                           HDL Synthesis                               *
=========================================================================

Performing bidirectional port resolution...

Synthesizing Unit <counter>.
    Related source file is "counter.v".
    Found 9-bit up counter for signal <cnt>.
    Summary:
	inferred   1 Counter(s).
Unit <counter> synthesized.


Synthesizing Unit <cpld_toplevel>.
    Related source file is "cpld_toplevel.v".
WARNING:Xst:1306 - Output <az> is never assigned.
WARNING:Xst:1306 - Output <el> is never assigned.
WARNING:Xst:647 - Input <field> is never used. This port will be preserved and left unconnected if it belongs to a top-level block or it belongs to a sub-block and the hierarchy of this sub-block is preserved.
WARNING:Xst:647 - Input <burst> is never used. This port will be preserved and left unconnected if it belongs to a top-level block or it belongs to a sub-block and the hierarchy of this sub-block is preserved.
WARNING:Xst:1780 - Signal <switched> is never used or assigned. This unconnected signal will be trimmed during the optimization process.
WARNING:Xst:1780 - Signal <scanStarted> is never used or assigned. This unconnected signal will be trimmed during the optimization process.
WARNING:Xst:1780 - Signal <scanCount> is never used or assigned. This unconnected signal will be trimmed during the optimization process.
    Found 1-bit xor2 for signal <gate_w>.
    Found 1-bit register for signal <azOut>.
    Found 9-bit comparator less for signal <azOut$cmp_lt0000> created at line 95.
    Found 1-bit register for signal <azSpeed>.
    Found 9-bit comparator greater for signal <azSpeed$cmp_gt0000> created at line 97.
    Found 9-bit comparator less for signal <azSpeed$cmp_lt0000> created at line 97.
    Found 1-bit register for signal <elOut>.
    Found 9-bit comparator less for signal <elOut$cmp_lt0000> created at line 96.
    Found 1-bit register for signal <elSpeed>.
    Found 9-bit comparator greater for signal <elSpeed$cmp_gt0000> created at line 98.
    Found 9-bit comparator less for signal <elSpeed$cmp_lt0000> created at line 98.
    Found 9-bit comparator greatequal for signal <gate_w$cmp_ge0000> created at line 113.
    Found 9-bit comparator greatequal for signal <gate_w$cmp_ge0001> created at line 113.
    Found 9-bit comparator greatequal for signal <gate_w$cmp_ge0002> created at line 113.
    Found 9-bit comparator greatequal for signal <gate_w$cmp_ge0003> created at line 113.
    Found 9-bit comparator lessequal for signal <gate_w$cmp_le0000> created at line 113.
    Found 9-bit comparator lessequal for signal <gate_w$cmp_le0001> created at line 113.
    Found 9-bit comparator lessequal for signal <gate_w$cmp_le0002> created at line 113.
    Found 9-bit comparator lessequal for signal <gate_w$cmp_le0003> created at line 113.
    Found 9-bit up counter for signal <numColumn>.
    Found 1-bit register for signal <refreshed>.
    Found 9-bit register for signal <targetColumn>.
    Found 1-bit register for signal <targetDetected>.
    Found 9-bit comparator greatequal for signal <targetDetected$cmp_ge0000> created at line 59.
    Found 9-bit comparator greater for signal <targetDetected$cmp_gt0000> created at line 59.
    Found 9-bit comparator lessequal for signal <targetDetected$cmp_le0000> created at line 67.
    Found 9-bit comparator lessequal for signal <targetDetected$cmp_le0001> created at line 59.
    Found 9-bit comparator less for signal <targetDetected$cmp_lt0000> created at line 59.
    Found 9-bit register for signal <targetLine>.
    Summary:
	inferred   1 Counter(s).
	inferred   4 D-type flip-flop(s).
	inferred  19 Comparator(s).
	inferred   1 Xor(s).
Unit <cpld_toplevel> synthesized.


=========================================================================
HDL Synthesis Report

Macro Statistics
# Counters                                             : 3
 9-bit up counter                                      : 3
# Registers                                            : 8
 1-bit register                                        : 6
 9-bit register                                        : 2
# Comparators                                          : 19
 9-bit comparator greatequal                           : 5
 9-bit comparator greater                              : 3
 9-bit comparator less                                 : 5
 9-bit comparator lessequal                            : 6
# Xors                                                 : 1
 1-bit xor2                                            : 1

=========================================================================

=========================================================================
*                       Advanced HDL Synthesis                          *
=========================================================================


=========================================================================
Advanced HDL Synthesis Report

Macro Statistics
# Counters                                             : 3
 9-bit up counter                                      : 3
# Registers                                            : 4
 Flip-Flops                                            : 4

=========================================================================

=========================================================================
*                         Low Level Synthesis                           *
=========================================================================

Optimizing unit <cpld_toplevel> ...

Optimizing unit <counter> ...

=========================================================================
*                           Partition Report                            *
=========================================================================

Partition Implementation Status
-------------------------------

  No Partitions were found in this design.

-------------------------------

=========================================================================
*                            Final Report                               *
=========================================================================
Final Results
RTL Top Level Output File Name     : cpld_toplevel.ngr
Top Level Output File Name         : cpld_toplevel
Output Format                      : NGC
Optimization Goal                  : Speed
Keep Hierarchy                     : Yes
Target Technology                  : CoolRunner2 CPLDs
Macro Preserve                     : YES
XOR Preserve                       : YES
Clock Enable                       : YES
wysiwyg                            : NO

Design Statistics
# IOs                              : 18

Cell Usage :
# BELS                             : 316
#      AND2                        : 121
#      AND3                        : 12
#      AND4                        : 2
#      AND8                        : 1
#      GND                         : 3
#      INV                         : 116
#      OR2                         : 32
#      OR3                         : 1
#      OR4                         : 2
#      OR5                         : 1
#      XOR2                        : 25
# FlipFlops/Latches                : 51
#      FDCE                        : 51
# IO Buffers                       : 14
#      IBUF                        : 6
#      OBUF                        : 8
=========================================================================


Total REAL time to Xst completion: 5.00 secs
Total CPU time to Xst completion: 4.75 secs
 
--> 

Total memory usage is 4535404 kilobytes

Number of errors   :    0 (   0 filtered)
Number of warnings :    7 (   0 filtered)
Number of infos    :    0 (   0 filtered)

